C:\Program Files\dotnet\sdk\9.0.306\Microsoft.Common.CurrentVersion.targets(5093,5): error MSB3027: No se pudo copiar "C:\Users\USER\source\repos\TesisPropuestasTIC-1\backend\TesisTIC.Application\bin\Debug\net8.0\TesisTIC.Application.dll" en "bin\Debug\net8.0\TesisTIC.Application.dll". Se super├│ el n├║mero de 10 reintentos. Error. El archivo se ha bloqueado por: "TesisTIC.API (7740)" [C:\Users\USER\source\repos\TesisPropuestasTIC-1\backend\TesisTIC.API\TesisTIC.API.csproj]
C:\Program Files\dotnet\sdk\9.0.306\Microsoft.Common.CurrentVersion.targets(5093,5): error MSB3021: No se puede copiar "C:\Users\USER\source\repos\TesisPropuestasTIC-1\backend\TesisTIC.Application\bin\Debug\net8.0\TesisTIC.Application.dll" en "bin\Debug\net8.0\TesisTIC.Application.dll". The process cannot access the file 'C:\Users\USER\source\repos\TesisPropuestasTIC-1\backend\TesisTIC.API\bin\Debug\net8.0\TesisTIC.Application.dll' because it is being used by another process. [C:\Users\USER\source\repos\TesisPropuestasTIC-1\backend\TesisTIC.API\TesisTIC.API.csproj]

ERROR al compilar.
    18 Advertencia(s)
    2 Errores

Tiempo transcurrido 00:00:16.85
